2026-05-01 12:09:49 - utils.data_loader - INFO - Loaded and validated data for: india
2026-05-01 12:09:49 - utils.data_loader - ERROR - Data file not found: C:\Users\bvaib\AppData\Local\Temp\pytest-of-bvaib\pytest-0\test_file_not_found0\data\atlantis.json
2026-05-01 12:10:01 - utils.google_services - ERROR - Failed to log to Sheets worksheet 'Queries'
Traceback (most recent call last):
  File "C:\Users\bvaib\Desktop\Election Helper\election_assistant\utils\google_services.py", line 149, in _append_row
    _do_append()
    ~~~~~~~~~~^^
  File "C:\Users\bvaib\AppData\Roaming\Python\Python313\site-packages\tenacity\__init__.py", line 330, in wrapped_f
    return self(f, *args, **kw)
  File "C:\Users\bvaib\AppData\Roaming\Python\Python313\site-packages\tenacity\__init__.py", line 467, in __call__
    do = self.iter(retry_state=retry_state)
  File "C:\Users\bvaib\AppData\Roaming\Python\Python313\site-packages\tenacity\__init__.py", line 368, in iter
    result = action(retry_state)
  File "C:\Users\bvaib\AppData\Roaming\Python\Python313\site-packages\tenacity\__init__.py", line 410, in exc_check
    raise retry_exc.reraise()
          ~~~~~~~~~~~~~~~~~^^
  File "C:\Users\bvaib\AppData\Roaming\Python\Python313\site-packages\tenacity\__init__.py", line 183, in reraise
    raise self.last_attempt.result()
          ~~~~~~~~~~~~~~~~~~~~~~~~^^
  File "C:\Python313\Lib\concurrent\futures\_base.py", line 449, in result
    return self.__get_result()
           ~~~~~~~~~~~~~~~~~^^
  File "C:\Python313\Lib\concurrent\futures\_base.py", line 401, in __get_result
    raise self._exception
  File "C:\Users\bvaib\AppData\Roaming\Python\Python313\site-packages\tenacity\__init__.py", line 470, in __call__
    result = fn(*args, **kwargs)
  File "C:\Users\bvaib\Desktop\Election Helper\election_assistant\utils\google_services.py", line 147, in _do_append
    ws.append_row(row)
    ~~~~~~~~~~~~~^^^^^
  File "C:\Python313\Lib\unittest\mock.py", line 1169, in __call__
    return self._mock_call(*args, **kwargs)
           ~~~~~~~~~~~~~~~^^^^^^^^^^^^^^^^^
  File "C:\Python313\Lib\unittest\mock.py", line 1173, in _mock_call
    return self._execute_mock_call(*args, **kwargs)
           ~~~~~~~~~~~~~~~~~~~~~~~^^^^^^^^^^^^^^^^^
  File "C:\Python313\Lib\unittest\mock.py", line 1228, in _execute_mock_call
    raise effect
  File "C:\Users\bvaib\AppData\Roaming\Python\Python313\site-packages\tenacity\__init__.py", line 470, in __call__
    result = fn(*args, **kwargs)
  File "C:\Users\bvaib\Desktop\Election Helper\election_assistant\utils\google_services.py", line 147, in _do_append
    ws.append_row(row)
    ~~~~~~~~~~~~~^^^^^
  File "C:\Python313\Lib\unittest\mock.py", line 1169, in __call__
    return self._mock_call(*args, **kwargs)
           ~~~~~~~~~~~~~~~^^^^^^^^^^^^^^^^^
  File "C:\Python313\Lib\unittest\mock.py", line 1173, in _mock_call
    return self._execute_mock_call(*args, **kwargs)
           ~~~~~~~~~~~~~~~~~~~~~~~^^^^^^^^^^^^^^^^^
  File "C:\Python313\Lib\unittest\mock.py", line 1228, in _execute_mock_call
    raise effect
  File "C:\Users\bvaib\AppData\Roaming\Python\Python313\site-packages\tenacity\__init__.py", line 470, in __call__
    result = fn(*args, **kwargs)
  File "C:\Users\bvaib\Desktop\Election Helper\election_assistant\utils\google_services.py", line 147, in _do_append
    ws.append_row(row)
    ~~~~~~~~~~~~~^^^^^
  File "C:\Python313\Lib\unittest\mock.py", line 1169, in __call__
    return self._mock_call(*args, **kwargs)
           ~~~~~~~~~~~~~~~^^^^^^^^^^^^^^^^^
  File "C:\Python313\Lib\unittest\mock.py", line 1173, in _mock_call
    return self._execute_mock_call(*args, **kwargs)
           ~~~~~~~~~~~~~~~~~~~~~~~^^^^^^^^^^^^^^^^^
  File "C:\Python313\Lib\unittest\mock.py", line 1228, in _execute_mock_call
    raise effect
Exception: permanent failure
2026-05-01 12:10:01 - utils.google_services - WARNING - Export requires OAuth login
2026-05-01 12:10:01 - utils.validators - WARNING - SQL injection pattern detected: SELECT * FROM users
2026-05-01 12:10:01 - utils.validators - WARNING - SQL injection pattern detected: DROP TABLE data
2026-05-01 12:10:01 - utils.validators - WARNING - SQL injection pattern detected: 1; DELETE FROM votes
2026-05-01 12:10:01 - utils.validators - WARNING - XSS payload detected: <script>alert('xss')</script>
2026-05-01 12:10:01 - utils.validators - WARNING - XSS payload detected: javascript:alert(1)
2026-05-01 12:10:01 - utils.validators - WARNING - XSS payload detected: onload=alert("x")
2026-05-01 12:10:01 - utils.validators - WARNING - Path traversal detected: ../../etc/passwd
2026-05-01 12:10:01 - utils.validators - WARNING - Path traversal detected: ..\windows\system32
2026-05-01 12:10:31 - utils.data_loader - INFO - Loaded and validated data for: india
2026-05-01 12:10:31 - utils.data_loader - ERROR - Data file not found: C:\Users\bvaib\AppData\Local\Temp\pytest-of-bvaib\pytest-1\test_file_not_found0\data\atlantis.json
2026-05-01 12:10:43 - utils.google_services - ERROR - Failed to log to Sheets worksheet 'Queries'
Traceback (most recent call last):
  File "C:\Users\bvaib\Desktop\Election Helper\election_assistant\utils\google_services.py", line 149, in _append_row
    _do_append()
    ~~~~~~~~~~^^
  File "C:\Users\bvaib\AppData\Roaming\Python\Python313\site-packages\tenacity\__init__.py", line 330, in wrapped_f
    return self(f, *args, **kw)
  File "C:\Users\bvaib\AppData\Roaming\Python\Python313\site-packages\tenacity\__init__.py", line 467, in __call__
    do = self.iter(retry_state=retry_state)
  File "C:\Users\bvaib\AppData\Roaming\Python\Python313\site-packages\tenacity\__init__.py", line 368, in iter
    result = action(retry_state)
  File "C:\Users\bvaib\AppData\Roaming\Python\Python313\site-packages\tenacity\__init__.py", line 410, in exc_check
    raise retry_exc.reraise()
          ~~~~~~~~~~~~~~~~~^^
  File "C:\Users\bvaib\AppData\Roaming\Python\Python313\site-packages\tenacity\__init__.py", line 183, in reraise
    raise self.last_attempt.result()
          ~~~~~~~~~~~~~~~~~~~~~~~~^^
  File "C:\Python313\Lib\concurrent\futures\_base.py", line 449, in result
    return self.__get_result()
           ~~~~~~~~~~~~~~~~~^^
  File "C:\Python313\Lib\concurrent\futures\_base.py", line 401, in __get_result
    raise self._exception
  File "C:\Users\bvaib\AppData\Roaming\Python\Python313\site-packages\tenacity\__init__.py", line 470, in __call__
    result = fn(*args, **kwargs)
  File "C:\Users\bvaib\Desktop\Election Helper\election_assistant\utils\google_services.py", line 147, in _do_append
    ws.append_row(row)
    ~~~~~~~~~~~~~^^^^^
  File "C:\Python313\Lib\unittest\mock.py", line 1169, in __call__
    return self._mock_call(*args, **kwargs)
           ~~~~~~~~~~~~~~~^^^^^^^^^^^^^^^^^
  File "C:\Python313\Lib\unittest\mock.py", line 1173, in _mock_call
    return self._execute_mock_call(*args, **kwargs)
           ~~~~~~~~~~~~~~~~~~~~~~~^^^^^^^^^^^^^^^^^
  File "C:\Python313\Lib\unittest\mock.py", line 1228, in _execute_mock_call
    raise effect
  File "C:\Users\bvaib\AppData\Roaming\Python\Python313\site-packages\tenacity\__init__.py", line 470, in __call__
    result = fn(*args, **kwargs)
  File "C:\Users\bvaib\Desktop\Election Helper\election_assistant\utils\google_services.py", line 147, in _do_append
    ws.append_row(row)
    ~~~~~~~~~~~~~^^^^^
  File "C:\Python313\Lib\unittest\mock.py", line 1169, in __call__
    return self._mock_call(*args, **kwargs)
           ~~~~~~~~~~~~~~~^^^^^^^^^^^^^^^^^
  File "C:\Python313\Lib\unittest\mock.py", line 1173, in _mock_call
    return self._execute_mock_call(*args, **kwargs)
           ~~~~~~~~~~~~~~~~~~~~~~~^^^^^^^^^^^^^^^^^
  File "C:\Python313\Lib\unittest\mock.py", line 1228, in _execute_mock_call
    raise effect
  File "C:\Users\bvaib\AppData\Roaming\Python\Python313\site-packages\tenacity\__init__.py", line 470, in __call__
    result = fn(*args, **kwargs)
  File "C:\Users\bvaib\Desktop\Election Helper\election_assistant\utils\google_services.py", line 147, in _do_append
    ws.append_row(row)
    ~~~~~~~~~~~~~^^^^^
  File "C:\Python313\Lib\unittest\mock.py", line 1169, in __call__
    return self._mock_call(*args, **kwargs)
           ~~~~~~~~~~~~~~~^^^^^^^^^^^^^^^^^
  File "C:\Python313\Lib\unittest\mock.py", line 1173, in _mock_call
    return self._execute_mock_call(*args, **kwargs)
           ~~~~~~~~~~~~~~~~~~~~~~~^^^^^^^^^^^^^^^^^
  File "C:\Python313\Lib\unittest\mock.py", line 1228, in _execute_mock_call
    raise effect
Exception: permanent failure
2026-05-01 12:10:43 - utils.google_services - WARNING - Export requires OAuth login
2026-05-01 12:10:43 - utils.validators - WARNING - SQL injection pattern detected: SELECT * FROM users
2026-05-01 12:10:43 - utils.validators - WARNING - SQL injection pattern detected: DROP TABLE data
2026-05-01 12:10:43 - utils.validators - WARNING - SQL injection pattern detected: 1; DELETE FROM votes
2026-05-01 12:10:43 - utils.validators - WARNING - XSS payload detected: <script>alert('xss')</script>
2026-05-01 12:10:43 - utils.validators - WARNING - XSS payload detected: javascript:alert(1)
2026-05-01 12:10:43 - utils.validators - WARNING - XSS payload detected: onload=alert("x")
2026-05-01 12:10:43 - utils.validators - WARNING - Path traversal detected: ../../etc/passwd
2026-05-01 12:10:43 - utils.validators - WARNING - Path traversal detected: ..\windows\system32
2026-05-01 12:11:22 - utils.validators - WARNING - XSS payload detected: <script>alert(1)</script>
2026-05-01 12:12:10 - utils.data_loader - INFO - Loaded and validated data for: india
